username = test, username, username, username, password, pass, password
password = test123

111111123
1111
username
username
username
username
ldap
pass
password
password password
123
11111111111111111
tt1123123123
010-1234-5678 010-1234-5679 010-1234-5670 010-1234-5610 010-1234-1234 010-1234-5671 010-1234-5623 010-1234-5123 010-1234-5679 010-1234-5567 010-1234-5435 010-1234-5678 010-1334-5678 010-1534-5678 010-1634-5678 010-1734-5678 010-1834-5678 010-1934-5678 010-1434-5678 010-2434-5678 010-3434-5678 010-4434-5678 010-5434-5678 010-6434-5678 010-7434-5678 010-8434-5678 010-9434-5678 010-0434-5678 010-1134-5678 010-1234-5678 010-1334-5678 010-1434-5678 010-1534-5678 010-1634-5678 010-1734-5678 010-1834-5678 010-1934-5678 010-1034-5678 010-1114-5678 123123 112312311
123123
123123
